[     834ms] [ERROR] Failed to load resource: the server responded with a status of 500 (Internal Server Error) @ http://localhost:2024/about/organization:0
[     970ms] [INFO] %cDownload the React DevTools for a better development experience: https://reactjs.org/link/react-devtools font-weight:bold @ webpack-internal:///./node_modules/react-dom/cjs/react-dom.development.js:29889
[    1003ms] TypeError: __webpack_modules__[moduleId] is not a function
    at Object.__webpack_require__ [as require] (file:///Users/rischen/Documents/GitHub/Eurasia_webapp/.next/server/webpack-runtime.js:33:42)
    at require (file:///Users/rischen/Documents/GitHub/Eurasia_webapp/node_modules/next/dist/compiled/next-server/app-page.runtime.dev.js:40:20064)
    at <unknown> (file:///Users/rischen/Documents/GitHub/Eurasia_webapp/node_modules/next/dist/compiled/next-server/app-page.runtime.dev.js:35:108376)
    at ea (file:///Users/rischen/Documents/GitHub/Eurasia_webapp/node_modules/next/dist/compiled/next-server/app-page.runtime.dev.js:35:108583)
    at <unknown> (file:///Users/rischen/Documents/GitHub/Eurasia_webapp/node_modules/next/dist/compiled/next-server/app-page.runtime.dev.js:35:110813)
    at Object._fromJSON (file:///Users/rischen/Documents/GitHub/Eurasia_webapp/node_modules/next/dist/compiled/next-server/app-page.runtime.dev.js:35:111370)
    at JSON.parse (<anonymous>)
    at ec (file:///Users/rischen/Documents/GitHub/Eurasia_webapp/node_modules/next/dist/compiled/next-server/app-page.runtime.dev.js:35:109078)
    at eo (file:///Users/rischen/Documents/GitHub/Eurasia_webapp/node_modules/next/dist/compiled/next-server/app-page.runtime.dev.js:35:108123)
    at <unknown> (file:///Users/rischen/Documents/GitHub/Eurasia_webapp/node_modules/next/dist/compiled/next-server/app-page.runtime.dev.js:35:115291)
    at <unknown> (file:///Users/rischen/Documents/GitHub/Eurasia_webapp/node_modules/next/dist/compiled/next-server/app-page.runtime.dev.js:35:115308)
    at <unknown> (file:///Users/rischen/Documents/GitHub/Eurasia_webapp/node_modules/next/dist/compiled/next-server/app-page.runtime.dev.js:35:115341)
    at <unknown> (file:///Users/rischen/Documents/GitHub/Eurasia_webapp/node_modules/next/dist/compiled/next-server/app-page.runtime.dev.js:35:115358)
    at t (file:///Users/rischen/Documents/GitHub/Eurasia_webapp/node_modules/next/dist/compiled/next-server/app-page.runtime.dev.js:35:115581)
[    1002ms] [LOG] [HMR] connected @ webpack-internal:///./node_modules/next/dist/client/components/react-dev-overlay/pages/websocket.js:38
[    1004ms] [ERROR] Failed to load resource: the server responded with a status of 404 (Not Found) @ http://localhost:2024/favicon.ico:0
[    4126ms] [WARNING] The resource http://localhost:2024/_next/static/media/8e9860b6e62d6359-s.p.woff2 was preloaded using link preload but not used within a few seconds from the window's load event. Please make sure it has an appropriate `as` value and it is preloaded intentionally. @ http://localhost:2024/about/organization:0
[    4127ms] [WARNING] The resource http://localhost:2024/_next/static/media/e4af272ccee01ff0-s.p.woff2 was preloaded using link preload but not used within a few seconds from the window's load event. Please make sure it has an appropriate `as` value and it is preloaded intentionally. @ http://localhost:2024/about/organization:0
[    4127ms] [WARNING] The resource http://localhost:2024/_next/static/media/9d5a263311222317-s.p.woff2 was preloaded using link preload but not used within a few seconds from the window's load event. Please make sure it has an appropriate `as` value and it is preloaded intentionally. @ http://localhost:2024/about/organization:0
[   43803ms] [ERROR] Refused to apply style from 'http://localhost:2024/_next/static/css/app/layout.css?v=1791099597052' because its MIME type ('text/html') is not a supported stylesheet MIME type, and strict MIME checking is enabled. @ http://localhost:2024/about/organization:0
[   43844ms] [ERROR] Failed to load resource: the server responded with a status of 404 (Not Found) @ http://localhost:2024/_next/static/chunks/app/about/organization/page.js:0
[   43844ms] [ERROR] Refused to execute script from 'http://localhost:2024/_next/static/chunks/app/about/organization/page.js' because its MIME type ('text/html') is not executable, and strict MIME type checking is enabled. @ http://localhost:2024/about/organization:0
[   43844ms] [ERROR] Failed to load resource: the server responded with a status of 404 (Not Found) @ http://localhost:2024/_next/static/chunks/main-app.js?v=1791099597052:0
[   43844ms] [ERROR] Refused to execute script from 'http://localhost:2024/_next/static/chunks/main-app.js?v=1791099597052' because its MIME type ('text/html') is not executable, and strict MIME type checking is enabled. @ http://localhost:2024/about/organization:0
[   43844ms] [ERROR] Failed to load resource: the server responded with a status of 404 (Not Found) @ http://localhost:2024/_next/static/chunks/app-pages-internals.js:0
[   43844ms] [ERROR] Refused to execute script from 'http://localhost:2024/_next/static/chunks/app-pages-internals.js' because its MIME type ('text/html') is not executable, and strict MIME type checking is enabled. @ http://localhost:2024/about/organization:0
[   43844ms] [ERROR] Failed to load resource: the server responded with a status of 404 (Not Found) @ http://localhost:2024/_next/static/chunks/app/layout.js:0
[   43844ms] [ERROR] Refused to execute script from 'http://localhost:2024/_next/static/chunks/app/layout.js' because its MIME type ('text/html') is not executable, and strict MIME type checking is enabled. @ http://localhost:2024/about/organization:0
[   46854ms] [WARNING] The resource http://localhost:2024/_next/static/media/8e9860b6e62d6359-s.p.woff2 was preloaded using link preload but not used within a few seconds from the window's load event. Please make sure it has an appropriate `as` value and it is preloaded intentionally. @ http://localhost:2024/about/organization:0
[   46854ms] [WARNING] The resource http://localhost:2024/_next/static/media/e4af272ccee01ff0-s.p.woff2 was preloaded using link preload but not used within a few seconds from the window's load event. Please make sure it has an appropriate `as` value and it is preloaded intentionally. @ http://localhost:2024/about/organization:0
[   46854ms] [WARNING] The resource http://localhost:2024/_next/static/media/9d5a263311222317-s.p.woff2 was preloaded using link preload but not used within a few seconds from the window's load event. Please make sure it has an appropriate `as` value and it is preloaded intentionally. @ http://localhost:2024/about/organization:0
[  149630ms] [INFO] %cDownload the React DevTools for a better development experience: https://reactjs.org/link/react-devtools font-weight:bold @ webpack-internal:///(app-pages-browser)/./node_modules/next/dist/compiled/react-dom/cjs/react-dom.development.js:38559
[  149662ms] [WARNING] motion() is deprecated. Use motion.create() instead. @ webpack-internal:///(app-pages-browser)/./node_modules/framer-motion/dist/es/utils/warn-once.mjs:8
[  152469ms] [ERROR] Failed to load resource: the server responded with a status of 503 (Service Unavailable) @ http://localhost:2024/api/stats/organization:0
[  152469ms] [WARNING] Organization stats fell back to local data: Error: stats unavailable
    at eval (webpack-internal:///(app-pages-browser)/./hooks/useOrgStats.ts:40:53) @ webpack-internal:///(app-pages-browser)/./hooks/useOrgStats.ts:43
[  248445ms] [LOG] [Fast Refresh] rebuilding @ webpack-internal:///(app-pages-browser)/./node_modules/next/dist/client/components/react-dev-overlay/app/hot-reloader-client.js:186
[  249304ms] [LOG] [Fast Refresh] done in 871ms @ webpack-internal:///(app-pages-browser)/./node_modules/next/dist/client/components/react-dev-overlay/app/hot-reloader-client.js:43
[  250451ms] [ERROR] Failed to load resource: the server responded with a status of 503 (Service Unavailable) @ http://localhost:2024/api/stats/organization:0
[  250452ms] [WARNING] Organization stats fell back to local data: Error: stats unavailable
    at eval (webpack-internal:///(app-pages-browser)/./hooks/useOrgStats.ts:40:53) @ webpack-internal:///(app-pages-browser)/./hooks/useOrgStats.ts:43
[  434528ms] [INFO] %cDownload the React DevTools for a better development experience: https://reactjs.org/link/react-devtools font-weight:bold @ webpack-internal:///(app-pages-browser)/./node_modules/next/dist/compiled/react-dom/cjs/react-dom.development.js:38559
[  434562ms] [WARNING] motion() is deprecated. Use motion.create() instead. @ webpack-internal:///(app-pages-browser)/./node_modules/framer-motion/dist/es/utils/warn-once.mjs:8
[  435500ms] [ERROR] Failed to load resource: the server responded with a status of 503 (Service Unavailable) @ http://localhost:2024/api/stats/organization:0
[  435500ms] [WARNING] Organization stats fell back to local data: Error: stats unavailable
    at eval (webpack-internal:///(app-pages-browser)/./hooks/useOrgStats.ts:40:53) @ webpack-internal:///(app-pages-browser)/./hooks/useOrgStats.ts:43
[  476939ms] [INFO] %cDownload the React DevTools for a better development experience: https://reactjs.org/link/react-devtools font-weight:bold @ webpack-internal:///(app-pages-browser)/./node_modules/next/dist/compiled/react-dom/cjs/react-dom.development.js:38559
[  476956ms] [WARNING] motion() is deprecated. Use motion.create() instead. @ webpack-internal:///(app-pages-browser)/./node_modules/framer-motion/dist/es/utils/warn-once.mjs:8
[  477778ms] [INFO] %cDownload the React DevTools for a better development experience: https://reactjs.org/link/react-devtools font-weight:bold @ webpack-internal:///(app-pages-browser)/./node_modules/next/dist/compiled/react-dom/cjs/react-dom.development.js:38559
[  477790ms] [WARNING] motion() is deprecated. Use motion.create() instead. @ webpack-internal:///(app-pages-browser)/./node_modules/framer-motion/dist/es/utils/warn-once.mjs:8
[  478479ms] [INFO] %cDownload the React DevTools for a better development experience: https://reactjs.org/link/react-devtools font-weight:bold @ webpack-internal:///(app-pages-browser)/./node_modules/next/dist/compiled/react-dom/cjs/react-dom.development.js:38559
[  478492ms] [WARNING] motion() is deprecated. Use motion.create() instead. @ webpack-internal:///(app-pages-browser)/./node_modules/framer-motion/dist/es/utils/warn-once.mjs:8
[  478901ms] [ERROR] Failed to load resource: the server responded with a status of 503 (Service Unavailable) @ http://localhost:2024/api/stats/organization:0
[  478902ms] [WARNING] Organization stats fell back to local data: Error: stats unavailable
    at eval (webpack-internal:///(app-pages-browser)/./hooks/useOrgStats.ts:40:53) @ webpack-internal:///(app-pages-browser)/./hooks/useOrgStats.ts:43
[  479331ms] [INFO] %cDownload the React DevTools for a better development experience: https://reactjs.org/link/react-devtools font-weight:bold @ webpack-internal:///(app-pages-browser)/./node_modules/next/dist/compiled/react-dom/cjs/react-dom.development.js:38559
[  479347ms] [WARNING] motion() is deprecated. Use motion.create() instead. @ webpack-internal:///(app-pages-browser)/./node_modules/framer-motion/dist/es/utils/warn-once.mjs:8
[  479763ms] [ERROR] Failed to load resource: the server responded with a status of 503 (Service Unavailable) @ http://localhost:2024/api/stats/organization:0
[  479764ms] [WARNING] Organization stats fell back to local data: Error: stats unavailable
    at eval (webpack-internal:///(app-pages-browser)/./hooks/useOrgStats.ts:40:53) @ webpack-internal:///(app-pages-browser)/./hooks/useOrgStats.ts:43
[  480330ms] [INFO] %cDownload the React DevTools for a better development experience: https://reactjs.org/link/react-devtools font-weight:bold @ webpack-internal:///(app-pages-browser)/./node_modules/next/dist/compiled/react-dom/cjs/react-dom.development.js:38559
[  480343ms] [WARNING] motion() is deprecated. Use motion.create() instead. @ webpack-internal:///(app-pages-browser)/./node_modules/framer-motion/dist/es/utils/warn-once.mjs:8
[  480776ms] [ERROR] Failed to load resource: the server responded with a status of 503 (Service Unavailable) @ http://localhost:2024/api/stats/organization:0
[  480777ms] [WARNING] Organization stats fell back to local data: Error: stats unavailable
    at eval (webpack-internal:///(app-pages-browser)/./hooks/useOrgStats.ts:40:53) @ webpack-internal:///(app-pages-browser)/./hooks/useOrgStats.ts:43
[  602494ms] [INFO] %cDownload the React DevTools for a better development experience: https://reactjs.org/link/react-devtools font-weight:bold @ webpack-internal:///(app-pages-browser)/./node_modules/next/dist/compiled/react-dom/cjs/react-dom.development.js:38559
[  602509ms] [WARNING] motion() is deprecated. Use motion.create() instead. @ webpack-internal:///(app-pages-browser)/./node_modules/framer-motion/dist/es/utils/warn-once.mjs:8
[  603303ms] [ERROR] Failed to load resource: the server responded with a status of 503 (Service Unavailable) @ http://localhost:2024/api/stats/organization:0
[  603304ms] [WARNING] Organization stats fell back to local data: Error: stats unavailable
    at eval (webpack-internal:///(app-pages-browser)/./hooks/useOrgStats.ts:40:53) @ webpack-internal:///(app-pages-browser)/./hooks/useOrgStats.ts:43
[  603968ms] [INFO] %cDownload the React DevTools for a better development experience: https://reactjs.org/link/react-devtools font-weight:bold @ webpack-internal:///(app-pages-browser)/./node_modules/next/dist/compiled/react-dom/cjs/react-dom.development.js:38559
[  603981ms] [WARNING] motion() is deprecated. Use motion.create() instead. @ webpack-internal:///(app-pages-browser)/./node_modules/framer-motion/dist/es/utils/warn-once.mjs:8
[  604405ms] [ERROR] Failed to load resource: the server responded with a status of 503 (Service Unavailable) @ http://localhost:2024/api/stats/organization:0
[  604405ms] [WARNING] Organization stats fell back to local data: Error: stats unavailable
    at eval (webpack-internal:///(app-pages-browser)/./hooks/useOrgStats.ts:40:53) @ webpack-internal:///(app-pages-browser)/./hooks/useOrgStats.ts:43
