[     631ms] [ERROR] Refused to apply style from 'http://localhost:2024/_next/static/css/app/layout.css?v=1791041357525' because its MIME type ('text/html') is not a supported stylesheet MIME type, and strict MIME checking is enabled. @ http://localhost:2024/about/organization:0
[     676ms] [ERROR] Failed to load resource: the server responded with a status of 404 (Not Found) @ http://localhost:2024/_next/static/chunks/webpack.js?v=1791041357525:0
[     676ms] [ERROR] Refused to execute script from 'http://localhost:2024/_next/static/chunks/webpack.js?v=1791041357525' because its MIME type ('text/html') is not executable, and strict MIME type checking is enabled. @ http://localhost:2024/about/organization:0
[     676ms] [ERROR] Failed to load resource: the server responded with a status of 404 (Not Found) @ http://localhost:2024/_next/static/chunks/app-pages-internals.js:0
[     676ms] [ERROR] Refused to execute script from 'http://localhost:2024/_next/static/chunks/app-pages-internals.js' because its MIME type ('text/html') is not executable, and strict MIME type checking is enabled. @ http://localhost:2024/about/organization:0
[     676ms] [ERROR] Failed to load resource: the server responded with a status of 404 (Not Found) @ http://localhost:2024/_next/static/chunks/main-app.js?v=1791041357525:0
[     676ms] [ERROR] Refused to execute script from 'http://localhost:2024/_next/static/chunks/main-app.js?v=1791041357525' because its MIME type ('text/html') is not executable, and strict MIME type checking is enabled. @ http://localhost:2024/about/organization:0
[     676ms] [ERROR] Failed to load resource: the server responded with a status of 404 (Not Found) @ http://localhost:2024/_next/static/chunks/app/about/organization/page.js:0
[     676ms] [ERROR] Refused to execute script from 'http://localhost:2024/_next/static/chunks/app/about/organization/page.js' because its MIME type ('text/html') is not executable, and strict MIME type checking is enabled. @ http://localhost:2024/about/organization:0
[     676ms] [ERROR] Failed to load resource: the server responded with a status of 404 (Not Found) @ http://localhost:2024/_next/static/chunks/app/layout.js:0
[     676ms] [ERROR] Refused to execute script from 'http://localhost:2024/_next/static/chunks/app/layout.js' because its MIME type ('text/html') is not executable, and strict MIME type checking is enabled. @ http://localhost:2024/about/organization:0
[    3698ms] [WARNING] The resource http://localhost:2024/_next/static/media/8e9860b6e62d6359-s.p.woff2 was preloaded using link preload but not used within a few seconds from the window's load event. Please make sure it has an appropriate `as` value and it is preloaded intentionally. @ http://localhost:2024/about/organization:0
[    3698ms] [WARNING] The resource http://localhost:2024/_next/static/media/e4af272ccee01ff0-s.p.woff2 was preloaded using link preload but not used within a few seconds from the window's load event. Please make sure it has an appropriate `as` value and it is preloaded intentionally. @ http://localhost:2024/about/organization:0
[    3698ms] [WARNING] The resource http://localhost:2024/_next/static/media/9d5a263311222317-s.p.woff2 was preloaded using link preload but not used within a few seconds from the window's load event. Please make sure it has an appropriate `as` value and it is preloaded intentionally. @ http://localhost:2024/about/organization:0
[  227441ms] [INFO] %cDownload the React DevTools for a better development experience: https://reactjs.org/link/react-devtools font-weight:bold @ webpack-internal:///(app-pages-browser)/./node_modules/next/dist/compiled/react-dom/cjs/react-dom.development.js:38559
[  227474ms] [WARNING] motion() is deprecated. Use motion.create() instead. @ webpack-internal:///(app-pages-browser)/./node_modules/framer-motion/dist/es/utils/warn-once.mjs:8
[  229537ms] [ERROR] Failed to load resource: the server responded with a status of 503 (Service Unavailable) @ http://localhost:2024/api/stats/organization:0
[  229537ms] [WARNING] Organization stats fell back to local data: Error: stats unavailable
    at eval (webpack-internal:///(app-pages-browser)/./hooks/useOrgStats.ts:40:53) @ webpack-internal:///(app-pages-browser)/./hooks/useOrgStats.ts:43
[ 1249339ms] [LOG] [Fast Refresh] rebuilding @ webpack-internal:///(app-pages-browser)/./node_modules/next/dist/client/components/react-dev-overlay/app/hot-reloader-client.js:186
[ 1250125ms] [LOG] [Fast Refresh] done in 787ms @ webpack-internal:///(app-pages-browser)/./node_modules/next/dist/client/components/react-dev-overlay/app/hot-reloader-client.js:43
[ 1252103ms] [ERROR] Failed to load resource: the server responded with a status of 503 (Service Unavailable) @ http://localhost:2024/api/stats/organization:0
[ 1252103ms] [WARNING] Organization stats fell back to local data: Error: stats unavailable
    at eval (webpack-internal:///(app-pages-browser)/./hooks/useOrgStats.ts:40:53) @ webpack-internal:///(app-pages-browser)/./hooks/useOrgStats.ts:43
[ 1352758ms] [INFO] %cDownload the React DevTools for a better development experience: https://reactjs.org/link/react-devtools font-weight:bold @ webpack-internal:///(app-pages-browser)/./node_modules/next/dist/compiled/react-dom/cjs/react-dom.development.js:38559
[ 1352788ms] [WARNING] motion() is deprecated. Use motion.create() instead. @ webpack-internal:///(app-pages-browser)/./node_modules/framer-motion/dist/es/utils/warn-once.mjs:8
[ 1353998ms] [ERROR] Failed to load resource: the server responded with a status of 503 (Service Unavailable) @ http://localhost:2024/api/stats/organization:0
[ 1353999ms] [WARNING] Organization stats fell back to local data: Error: stats unavailable
    at eval (webpack-internal:///(app-pages-browser)/./hooks/useOrgStats.ts:40:53) @ webpack-internal:///(app-pages-browser)/./hooks/useOrgStats.ts:43
[ 2098315ms] [INFO] %cDownload the React DevTools for a better development experience: https://reactjs.org/link/react-devtools font-weight:bold @ webpack-internal:///(app-pages-browser)/./node_modules/next/dist/compiled/react-dom/cjs/react-dom.development.js:38559
[ 2098349ms] [WARNING] motion() is deprecated. Use motion.create() instead. @ webpack-internal:///(app-pages-browser)/./node_modules/framer-motion/dist/es/utils/warn-once.mjs:8
[ 2099465ms] [ERROR] Failed to load resource: the server responded with a status of 503 (Service Unavailable) @ http://localhost:2024/api/stats/organization:0
[ 2099465ms] [WARNING] Organization stats fell back to local data: Error: stats unavailable
    at eval (webpack-internal:///(app-pages-browser)/./hooks/useOrgStats.ts:40:53) @ webpack-internal:///(app-pages-browser)/./hooks/useOrgStats.ts:43
